==================
Testing the integer_validator method in 7-base_geometry.py
==================

>>> baseG = __import__('7-base_geometry').BaseGeometry
>>> bg = baseG()
>>> bg.integer_validator()
Traceback (most recent call last):
TypeError: integer_validator() missing 2 required positional arguments: 'name' and 'value'

>>> bg.integer_validator('age')
Traceback (most recent call last):
TypeError: integer_validator() missing 1 required positional argument: 'value'

>>> bg.area()
Traceback (most recent call last):
Exception: area() is not implemented

>>> bg.integer_validator('age', 5)
5

>>> bg.integer_validator('age', 0)
Traceback (most recent call last):
ValueError: age must be greater than 0

>>> bg.integer_validator('age', -2)
Traceback (most recent call last):
ValueError: age must be greater than 0

>>> bg.integer_validator('age', '5')
Traceback (most recent call last):
TypeError: age must be an integer

>>> bg.integer_validator('age', [4])
Traceback (most recent call last):
TypeError: age must be an integer

>>> bg.integer_validator('age', (4,))
Traceback (most recent call last):
TypeError: age must be an integer

>>> bg.integer_validator('age', {4, 5})
Traceback (most recent call last):
TypeError: age must be an integer

>>> bg.integer_validator('age', None)
Traceback (most recent call last):
TypeError: age must be an integer

>>> bg.integer_validator('age', True)
Traceback (most recent call last):
TypeError: age must be an integer
